Starting Accounting Verification...
node : (node:14920) [MONGOOSE] Warning: Duplicate schema index 
on {"itemName":1} found. This is often due to declaring an 
index using both "index: true" and "schema.index()". Please 
remove the duplicate index definition.
At line:1 char:1
+ node scripts/verifyAccountingLogic.js > test_output.txt 2>&1
+ ~~~~~~~~~~~~~~~~~~~~~~~~~~~~~~~~~~~~~~~~~~~~~~~~~~~~~~~~~~~~
    + CategoryInfo          : NotSpecified: ((node:14920) [M.. 
   .dex definition.:String) [], RemoteException
    + FullyQualifiedErrorId : NativeCommandError
 
(Use `node --trace-warnings ...` to show where the warning was 
created)
(node:14920) [MONGOOSE] Warning: Duplicate schema index on 
{"expense_id":1} found. This is often due to declaring an 
index using both "index: true" and "schema.index()". Please 
remove the duplicate index definition.
MongoDB Connected

[SETUP] Creating Mock Accounts...
TEST SUITE ERROR: Error: Account validation failed: 
related_party_id: Path `related_party_id` is required.
    at ValidationError.inspect (D:\JJSOFT_GLOBAL\MA-Iphone Solu
tion\system\ishopmaster-api-before-multi-tenant\ishopmaster-api
\node_modules\mongoose\lib\error\validation.js:52:26)
    at formatValue (node:internal/util/inspect:850:19)
    at inspect (node:internal/util/inspect:387:10)
    at formatWithOptionsInternal 
(node:internal/util/inspect:2366:40)
    at formatWithOptions (node:internal/util/inspect:2228:10)
    at console.value (node:internal/console/constructor:345:14)
    at console.error (node:internal/console/constructor:412:61)
    at runTests (D:\JJSOFT_GLOBAL\MA-Iphone Solution\system\ish
opmaster-api-before-multi-tenant\ishopmaster-api\scripts\verify
AccountingLogic.js:137:17)
    at process.processTicksAndRejections 
(node:internal/process/task_queues:105:5) {
  errors: {
    related_party_id: ValidatorError: Path `related_party_id` 
is required.
        at validate (D:\JJSOFT_GLOBAL\MA-Iphone Solution\system
\ishopmaster-api-before-multi-tenant\ishopmaster-api\node_modul
es\mongoose\lib\schemaType.js:1404:13)
        at SchemaType.doValidate (D:\JJSOFT_GLOBAL\MA-Iphone So
lution\system\ishopmaster-api-before-multi-tenant\ishopmaster-a
pi\node_modules\mongoose\lib\schemaType.js:1388:7)
        at D:\JJSOFT_GLOBAL\MA-Iphone Solution\system\ishopmast
er-api-before-multi-tenant\ishopmaster-api\node_modules\mongoos
e\lib\document.js:3082:18
        at process.processTicksAndRejections 
(node:internal/process/task_queues:85:11) {
      properties: [Object],
      kind: 'required',
      path: 'related_party_id',
      value: undefined,
      reason: undefined,
      [Symbol(mongoose#validatorError)]: true
    }
  },
  _message: 'Account validation failed'
}
Done.
